// Jest Snapshot v1, https://goo.gl/fbAQLP

exports[`<App/> component should show loader 1`] = `
<Fragment>
  <h1>
    Star wars vehicle
  </h1>
  <div>
    Loading data...
  </div>
</Fragment>
`;

exports[`<App/> component should show vehicle if it exists 1`] = `
<Fragment>
  <h1>
    Star wars vehicle
  </h1>
  <dl>
    <dt>
      Model:
    </dt>
    <dd>
      Vehicle model
    </dd>
    <dt>
      Name:
    </dt>
    <dd>
      Vehicle name
    </dd>
  </dl>
</Fragment>
`;
